// 重构日志: 15673cd4
// 重构日志: 37b683a3
// 重构日志: 2e9c853d
// 重构日志: 30c36a8b
// 重构日志: c2555156
// 重构日志: 3273dfd4
// 同步 ID: bb394ea2 @ Sat Jul 11 15:06:21 UTC 2026
// 重构日志: bd717bf1
// 重构日志: e2a27b89
// 重构日志: cf465d5d
// 同步 ID: 623aeff9 @ Wed Jul 15 01:07:48 UTC 2026
// 同步 ID: e5d2f6fe @ Thu Jul 16 20:48:52 UTC 2026
// 同步 ID: 4feaa905 @ Sat Jul 18 10:55:26 UTC 2026
// 同步 ID: 8241304e @ Sun Jul 19 16:09:34 UTC 2026
// 重构日志: f8dbfcb3
// 重构日志: 57a1e600
// 重构日志: b0a2f30e
// 重构日志: 3804ff8a
// 重构日志: 57c9eccf
// 同步 ID: 70a21e21 @ Thu Jul 30 12:51:16 UTC 2026
// 重构日志: 5ce965a2
// 同步 ID: 26dc6f02 @ Fri Jul 31 18:15:46 UTC 2026
// 同步 ID: c388a12b @ Sat Aug  1 04:29:35 UTC 2026
// 重构日志: 92db6c85
// 同步 ID: b404c589 @ Sat Aug  1 12:33:38 UTC 2026
// 重构日志: afc4710c
// 同步 ID: fe02c540 @ Sun Aug  2 23:40:05 UTC 2026
// 重构日志: f110be05
// 重构日志: 4019fda5
// 同步 ID: bf676140 @ Mon Aug  3 23:28:46 UTC 2026
// 重构日志: c5894d5b
// 重构日志: 1ad338bd
